........................................................................ [ 32%]
..............................................................ssss...... [ 65%]
........................................................................ [ 98%]
....                                                                     [100%]
216 passed, 4 skipped in 45.85s
